test.md:10:3 From github-pr-review/GITHUB_TOKEN
